<!DOCTYPE html PUBLIC "-//W3C//DTD XHTML 1.0 Transitional//EN" "http://www.w3.org/TR/xhtml1/DTD/xhtml1-transitional.dtd">

<html xmlns="http://www.w3.org/1999/xhtml" xml:lang="en" lang="en">

  <head>
    <title>Webrake Default Test Layout - Blog Summary</title>
    <meta http-equiv="content-type" content="text/html; charset=UTF-8" />
  </head>

  <body>
      <div>
    <a href="/blog/post1.html"></a>
    <p>Blog post 1</p>
  </div>
  </body>

  <div id="footer">
    <p id="timestamp">Last updated on 01 July 2014</p>
  </div>
</html>
