<!DOCTYPE html PUBLIC "-//W3C//DTD XHTML 1.0 Transitional//EN" "http://www.w3.org/TR/xhtml1/DTD/xhtml1-transitional.dtd">

<html xmlns="http://www.w3.org/1999/xhtml" xml:lang="en" lang="en">

  <head>
    <title>Webrake Default Test Layout - Page 1</title>
    <meta http-equiv="content-type" content="text/html; charset=UTF-8" />
  </head>

  <body>
    <h1 id="kramdown-test-page">Kramdown test page</h1>

<p>Testing the Kramdown filter</p>
  </body>

  <div id="footer">
    <p id="timestamp">Last updated on 19 February 2014</p>
  </div>
</html>
