---
title: Blog Summary
---
  <div>
    <a href="/blog/post1.html"></a>
    <p>Blog post 1</p>
  </div>
