---
title: Page 1
---
<h1 id="kramdown-test-page">Kramdown test page</h1>

<p>Testing the Kramdown filter</p>
