http://www.testsite.com/page1.html
http://www.testsite.com/index.html
http://www.testsite.com/blog/post1.html
